\BOOKMARK [1][-]{section.1}{\376\377\225\356\230\230\200\314\146\157\116\016\170\024\172\166\166\356\150\007}{}% 1
\BOOKMARK [1][-]{section.2}{\376\377\116\373\122\241\133\232\116\111\116\016\145\164\117\123\140\035\215\357}{}% 2
\BOOKMARK [1][-]{section.3}{\376\377\145\160\143\156\226\306\116\016\230\204\131\004\164\006}{}% 3
\BOOKMARK [2][-]{subsection.3.1}{\376\377\145\160\143\156\147\145\156\220\116\016\133\127\153\265\176\323\147\204}{section.3}% 4
\BOOKMARK [2][-]{subsection.3.2}{\376\377\145\160\143\156\122\022\122\006}{section.3}% 5
\BOOKMARK [2][-]{subsection.3.3}{\376\377\000P\000r\000o\000m\000p\000t\000\040\147\204\220\040}{section.3}% 6
\BOOKMARK [1][-]{section.4}{\376\377\152\041\127\213\213\276\213\241\116\016\133\236\163\260}{}% 7
\BOOKMARK [2][-]{subsection.4.1}{\376\377\123\237\131\313\000\040\000C\000L\000I\000P\000\040\152\041\127\213}{section.4}% 8
\BOOKMARK [2][-]{subsection.4.2}{\376\377\000L\000i\000n\000e\000a\000r\000\040\000P\000r\000o\000b\000e\000\040\137\256\214\003}{section.4}% 9
\BOOKMARK [2][-]{subsection.4.3}{\376\377\000L\000o\000R\000A\000\040\137\256\214\003}{section.4}% 10
\BOOKMARK [2][-]{subsection.4.4}{\376\377\124\021\221\317\145\160\143\156\136\223\150\300\175\042}{section.4}% 11
\BOOKMARK [1][-]{section.5}{\376\377\133\236\232\214\213\276\177\156}{}% 12
\BOOKMARK [2][-]{subsection.5.1}{\376\377\213\255\176\303\116\016\215\205\123\302\145\160}{section.5}% 13
\BOOKMARK [2][-]{subsection.5.2}{\376\377\213\304\116\367\143\007\150\007}{section.5}% 14
\BOOKMARK [1][-]{section.6}{\376\377\133\236\232\214\176\323\147\234}{}% 15
\BOOKMARK [2][-]{subsection.6.1}{\376\377\000T\000o\000p\000-\0005\000\040\000P\000r\000o\000m\000p\000t\000\040\176\306\174\222\136\246\176\323\147\234}{section.6}% 16
\BOOKMARK [2][-]{subsection.6.2}{\376\377\133\214\145\164\150\007\230\230\000\040\000P\000r\000o\000m\000p\000t\000\040\116\013\166\204\000\040\000T\000o\000p\000-\000K\000\040\133\371\153\324}{section.6}% 17
\BOOKMARK [2][-]{subsection.6.3}{\376\377\137\256\214\003\130\236\166\312\122\006\147\220}{section.6}% 18
\BOOKMARK [2][-]{subsection.6.4}{\376\377\000L\000i\000n\000e\000a\000r\000\040\000P\000r\000o\000b\000e\000\040\142\225\137\161\117\115\177\156\155\210\207\215\133\236\232\214}{section.6}% 19
\BOOKMARK [1][-]{section.7}{\376\377\176\323\147\234\122\006\147\220\116\016\213\250\213\272}{}% 20
\BOOKMARK [2][-]{subsection.7.1}{\376\377\000P\000r\000o\000m\000p\000t\000\040\176\306\174\222\136\246\137\161\124\315\146\076\204\127}{section.7}% 21
\BOOKMARK [2][-]{subsection.7.2}{\376\377\124\301\162\114\124\214\147\120\215\050\147\011\136\056\122\251\377\014\117\106\116\015\215\263\116\345\146\377\116\343\150\007\230\230}{section.7}% 22
\BOOKMARK [2][-]{subsection.7.3}{\376\377\000L\000o\000R\000A\000\040\127\050\133\214\145\164\150\007\230\230\147\141\116\366\116\013\210\150\163\260\147\000\117\163}{section.7}% 23
\BOOKMARK [2][-]{subsection.7.4}{\376\377\000L\000i\000n\000e\000a\000r\000\040\000P\000r\000o\000b\000e\000\040\142\225\137\161\117\115\177\156\166\204\137\161\124\315}{section.7}% 24
\BOOKMARK [2][-]{subsection.7.5}{\376\377\000T\000o\000p\000-\000K\000\040\130\236\131\047\145\366\000\040\000R\000e\000c\000a\000l\000l\000\040\172\063\133\232\116\012\123\107}{section.7}% 25
\BOOKMARK [2][-]{subsection.7.6}{\376\377\121\170\127\213\225\031\213\357\122\006\147\220}{section.7}% 26
\BOOKMARK [1][-]{section.8}{\376\377\116\015\215\263\116\016\145\071\217\333\145\271\124\021}{}% 27
\BOOKMARK [1][-]{section.9}{\376\377\176\323\213\272}{}% 28
\BOOKMARK [1][-]{section.10}{\376\377\000A\000I\117\177\165\050\140\305\121\265}{}% 29
